Archive member included because of file (symbol)

/usr/lib/gcc/avr/4.3.4/avr5/libgcc.a(_exit.o)
                              /usr/lib/gcc/avr/4.3.4/../../../avr/lib/avr5/crtm328p.o (exit)
/usr/lib/gcc/avr/4.3.4/avr5/libgcc.a(_copy_data.o)
                              bios_export.o (__do_copy_data)
/usr/lib/gcc/avr/4.3.4/avr5/libgcc.a(_clear_bss.o)
                              bios_export.o (__do_clear_bss)

Allocating common symbols
Common symbol       size              file

BIOS_CanCallback    0x2               bios.o
autostart_cnt       0x1               bios.o
bios_msg_ptr        0x2               bios.o
bios_msg_full       0x1               bios.o

Discarded input sections

 .vectors       0x00000000       0x68 /usr/lib/gcc/avr/4.3.4/../../../avr/lib/avr5/crtm328p.o

Memory Configuration

Name             Origin             Length             Attributes
text             0x00000000         0x00008000         xr
data             0x00800100         0x00000800         rw !x
eeprom           0x00810000         0x00000400         rw !x
*default*        0x00000000         0xffffffff

Linker script and memory map

Address of section .data set to 0x800100
LOAD /usr/lib/gcc/avr/4.3.4/../../../avr/lib/avr5/crtm328p.o
                0x00007000                __bios_start = 0x7000
                0x00007c00                __boot_start = 0x7c00

.hash
 *(.hash)

.dynsym
 *(.dynsym)

.dynstr
 *(.dynstr)

.gnu.version
 *(.gnu.version)

.gnu.version_d
 *(.gnu.version_d)

.gnu.version_r
 *(.gnu.version_r)

.rel.init
 *(.rel.init)

.rela.init
 *(.rela.init)

.rel.text
 *(.rel.text)
 *(.rel.text.*)
 *(.rel.gnu.linkonce.t*)

.rela.text
 *(.rela.text)
 *(.rela.text.*)
 *(.rela.gnu.linkonce.t*)

.rel.fini
 *(.rel.fini)

.rela.fini
 *(.rela.fini)

.rel.rodata
 *(.rel.rodata)
 *(.rel.rodata.*)
 *(.rel.gnu.linkonce.r*)

.rela.rodata
 *(.rela.rodata)
 *(.rela.rodata.*)
 *(.rela.gnu.linkonce.r*)

.rel.data
 *(.rel.data)
 *(.rel.data.*)
 *(.rel.gnu.linkonce.d*)

.rela.data
 *(.rela.data)
 *(.rela.data.*)
 *(.rela.gnu.linkonce.d*)

.rel.ctors
 *(.rel.ctors)

.rela.ctors
 *(.rela.ctors)

.rel.dtors
 *(.rel.dtors)

.rela.dtors
 *(.rela.dtors)

.rel.got
 *(.rel.got)

.rela.got
 *(.rela.got)

.rel.bss
 *(.rel.bss)

.rela.bss
 *(.rela.bss)

.rel.plt
 *(.rel.plt)

.rela.plt
 *(.rela.plt)

/DISCARD/
 *(.vectors)

.app_vectors    0x00000000       0x68
 *(.app_vectors)
 .app_vectors   0x00000000       0x68 vectors.o
                0x00000004                __vector_boot_1
                0x00000004                __vector_default_1
                0x00000008                __vector_default_2
                0x0000000c                __vector_boot_3
                0x0000000c                __vector_default_3
                0x00000010                __vector_default_4
                0x00000010                __vector_boot_4
                0x00000014                __vector_boot_5
                0x00000014                __vector_default_5
                0x00000018                __vector_boot_6
                0x00000018                __vector_default_6
                0x0000001c                __vector_default_7
                0x0000001c                __vector_boot_7
                0x00000020                __vector_boot_8
                0x00000020                __vector_default_8
                0x00000024                __vector_default_9
                0x00000024                __vector_boot_9
                0x00000028                __vector_boot_10
                0x00000028                __vector_default_10
                0x0000002c                __vector_default_11
                0x0000002c                __vector_boot_11
                0x00000030                __vector_default_12
                0x00000030                __vector_boot_12
                0x00000034                __vector_boot_13
                0x00000034                __vector_default_13
                0x00000038                __vector_boot_14
                0x00000038                __vector_default_14
                0x0000003c                __vector_boot_15
                0x0000003c                __vector_default_15
                0x00000040                __vector_default_16
                0x00000040                __vector_boot_16
                0x00000044                __vector_boot_17
                0x00000044                __vector_default_17
                0x00000048                __vector_default_18
                0x00000048                __vector_boot_18
                0x0000004c                __vector_boot_19
                0x0000004c                __vector_default_19
                0x00000050                __vector_default_20
                0x00000050                __vector_boot_20
                0x00000054                __vector_boot_21
                0x00000054                __vector_default_21
                0x00000058                __vector_boot_22
                0x00000058                __vector_default_22
                0x0000005c                __vector_boot_23
                0x0000005c                __vector_default_23
                0x00000060                __vector_default_24
                0x00000060                __vector_boot_24
                0x00000064                __vector_boot_25
                0x00000064                __vector_default_25

.text           0x00007000      0xb30
                0x00007000                __ctors_start = .
 *(.ctors)
                0x00007000                __ctors_end = .
                0x00007000                __dtors_start = .
 *(.dtors)
                0x00007000                __dtors_end = .
 *(.progmem.gcc*)
 *(.progmem*)
 .progmem.data  0x00007000        0x4 bios.o
                0x00007000                hwid
                0x00007004                . = ALIGN (0x2)
 *(.init0)
 .init0         0x00007004        0x0 /usr/lib/gcc/avr/4.3.4/../../../avr/lib/avr5/crtm328p.o
                0x00007004                __init
 *(.init1)
 *(.init2)
 .init2         0x00007004        0xc /usr/lib/gcc/avr/4.3.4/../../../avr/lib/avr5/crtm328p.o
 *(.init3)
 *(.init4)
 .init4         0x00007010       0x16 /usr/lib/gcc/avr/4.3.4/avr5/libgcc.a(_copy_data.o)
                0x00007010                __do_copy_data
 .init4         0x00007026       0x10 /usr/lib/gcc/avr/4.3.4/avr5/libgcc.a(_clear_bss.o)
                0x00007026                __do_clear_bss
 *(.init5)
 *(.init6)
 *(.init7)
 *(.init8)
 *(.init9)
 .init9         0x00007036        0x8 /usr/lib/gcc/avr/4.3.4/../../../avr/lib/avr5/crtm328p.o
 *(.text)
 .text          0x0000703e        0x4 /usr/lib/gcc/avr/4.3.4/../../../avr/lib/avr5/crtm328p.o
                0x0000703e                __vector_22
                0x0000703e                __vector_1
                0x0000703e                __vector_24
                0x0000703e                __vector_12
                0x0000703e                __bad_interrupt
                0x0000703e                __vector_6
                0x0000703e                __vector_3
                0x0000703e                __vector_23
                0x0000703e                __vector_25
                0x0000703e                __vector_11
                0x0000703e                __vector_13
                0x0000703e                __vector_17
                0x0000703e                __vector_19
                0x0000703e                __vector_7
                0x0000703e                __vector_5
                0x0000703e                __vector_4
                0x0000703e                __vector_9
                0x0000703e                __vector_2
                0x0000703e                __vector_21
                0x0000703e                __vector_15
                0x0000703e                __vector_8
                0x0000703e                __vector_14
                0x0000703e                __vector_10
                0x0000703e                __vector_16
                0x0000703e                __vector_18
                0x0000703e                __vector_20
 .text          0x00007042        0xa bios_export.o
                0x00007042                BIOS_Reset
                0x00007046                BIOS_CanSend
 .text          0x0000704c      0x374 bios.o
                0x0000704c                main
                0x00007310                Can_Process
 .text          0x000073c0       0x26 flash.o
                0x000073c0                flash_load_buffer
 .text          0x000073e6      0x746 drivers/can/mcp2515/mcp2515.o
                0x00007628                Can_Init
                0x0000792e                Can_Send
                0x00007a8c                Can_Receive
                0x00007ad4                __vector_boot_2
 .text          0x00007b2c        0x0 vectors.o
 .text          0x00007b2c        0x0 /usr/lib/gcc/avr/4.3.4/avr5/libgcc.a(_exit.o)
 .text          0x00007b2c        0x0 /usr/lib/gcc/avr/4.3.4/avr5/libgcc.a(_copy_data.o)
 .text          0x00007b2c        0x0 /usr/lib/gcc/avr/4.3.4/avr5/libgcc.a(_clear_bss.o)
                0x00007b2c                . = ALIGN (0x2)
 *(.text.*)
 .text.libgcc   0x00007b2c        0x0 /usr/lib/gcc/avr/4.3.4/avr5/libgcc.a(_exit.o)
 .text.libgcc   0x00007b2c        0x0 /usr/lib/gcc/avr/4.3.4/avr5/libgcc.a(_copy_data.o)
 .text.libgcc   0x00007b2c        0x0 /usr/lib/gcc/avr/4.3.4/avr5/libgcc.a(_clear_bss.o)
                0x00007b2c                . = ALIGN (0x2)
 *(.fini9)
 .fini9         0x00007b2c        0x0 /usr/lib/gcc/avr/4.3.4/avr5/libgcc.a(_exit.o)
                0x00007b2c                exit
                0x00007b2c                _exit
 *(.fini8)
 *(.fini7)
 *(.fini6)
 *(.fini5)
 *(.fini4)
 *(.fini3)
 *(.fini2)
 *(.fini1)
 *(.fini0)
 .fini0         0x00007b2c        0x4 /usr/lib/gcc/avr/4.3.4/avr5/libgcc.a(_exit.o)
                0x00007b30                _etext = .

.trampolines    0x00007b30        0x0
 .trampolines   0x00007b30        0x0 linker stubs

.bootloader     0x00007c00      0x3ec
 *(.boot_vectors)
 .boot_vectors  0x00007c00       0x68 vectors.o
                0x00007c00                __vector_default
                0x00007c00                __boot_vectors
                0x00007c68                __bootloader_start = .
 *(.bootloader)
 .bootloader    0x00007c68      0x100 flash.o
                0x00007c68                flash_flush_buffer
                0x00007cdc                flash_write_word
                0x00007d4e                flash_init
                0x00007f80                . = ((0x8000 - __boot_start) - 0x80)
 *fill*         0x00007d68      0x218 00
                0x00007f80                __flash_code_start = .
 *(.flash_code)
 .flash_code    0x00007f80       0x6c flash.o
                0x00007f80                flash_copy_data
                0x00007fec                __bootloader_end = .

.data           0x00800100        0x0 load address 0x00007b30
                0x00800100                PROVIDE (__data_start, .)
 *(.data)
 .data          0x00800100        0x0 /usr/lib/gcc/avr/4.3.4/../../../avr/lib/avr5/crtm328p.o
 .data          0x00800100        0x0 bios_export.o
 .data          0x00800100        0x0 bios.o
 .data          0x00800100        0x0 flash.o
 .data          0x00800100        0x0 drivers/can/mcp2515/mcp2515.o
 .data          0x00800100        0x0 vectors.o
 .data          0x00800100        0x0 /usr/lib/gcc/avr/4.3.4/avr5/libgcc.a(_exit.o)
 .data          0x00800100        0x0 /usr/lib/gcc/avr/4.3.4/avr5/libgcc.a(_copy_data.o)
 .data          0x00800100        0x0 /usr/lib/gcc/avr/4.3.4/avr5/libgcc.a(_clear_bss.o)
 *(.gnu.linkonce.d*)
                0x00800100                . = ALIGN (0x2)
                0x00800100                _edata = .
                0x00800100                PROVIDE (__data_end, .)

.bss            0x00800100       0x1b
                0x00800100                PROVIDE (__bss_start, .)
 *(.bss)
 .bss           0x00800100        0x0 /usr/lib/gcc/avr/4.3.4/../../../avr/lib/avr5/crtm328p.o
 .bss           0x00800100        0x0 bios_export.o
 .bss           0x00800100        0x0 bios.o
 .bss           0x00800100        0x5 flash.o
 .bss           0x00800105       0x10 drivers/can/mcp2515/mcp2515.o
 .bss           0x00800115        0x0 vectors.o
 .bss           0x00800115        0x0 /usr/lib/gcc/avr/4.3.4/avr5/libgcc.a(_exit.o)
 .bss           0x00800115        0x0 /usr/lib/gcc/avr/4.3.4/avr5/libgcc.a(_copy_data.o)
 .bss           0x00800115        0x0 /usr/lib/gcc/avr/4.3.4/avr5/libgcc.a(_clear_bss.o)
 *(COMMON)
 COMMON         0x00800115        0x6 bios.o
                0x00800115                BIOS_CanCallback
                0x00800117                autostart_cnt
                0x00800118                bios_msg_ptr
                0x0080011a                bios_msg_full
                0x0080011b                PROVIDE (__bss_end, .)
                0x00007b30                __data_load_start = LOADADDR (.data)
                0x00007b30                __data_load_end = (__data_load_start + SIZEOF (.data))
                0x0080011b                __temp = .
                0x00006fd1                . = ((__boot_start - (__data_load_end - __bios_start)) - 0xff)
                0x00007000                __bios_optimal_start = ALIGN (0x100)
                0x0080011b                . = __temp
                0x00001000                __bios_size = (0x8000 - __bios_start)

.noinit         0x0080011b        0x0
                0x0080011b                PROVIDE (__noinit_start, .)
 *(.noinit*)
                0x0080011b                PROVIDE (__noinit_end, .)
                0x0080011b                _end = .
                0x0080011b                PROVIDE (__bios_ram_end, .)

.eeprom         0x00810000        0x0
 *(.eeprom*)
                0x00810000                __eeprom_end = .

.stab           0x00000000     0x29a0
 *(.stab)
 .stab          0x00000000       0xa8 /usr/lib/gcc/avr/4.3.4/../../../avr/lib/avr5/crtm328p.o
                                0x6b4 (size before relaxing)
 .stab          0x000000a8      0x348 bios_export.o
                                0x354 (size before relaxing)
 .stab          0x000003f0      0x714 bios.o
                                0x8f4 (size before relaxing)
 .stab          0x00000b04      0x5a0 flash.o
                                0x7e0 (size before relaxing)
 .stab          0x000010a4     0x135c drivers/can/mcp2515/mcp2515.o
                               0x153c (size before relaxing)
 .stab          0x00002400      0x5a0 vectors.o
                                0x5ac (size before relaxing)

.stabstr        0x00000000     0x128f
 *(.stabstr)
 .stabstr       0x00000000     0x128f /usr/lib/gcc/avr/4.3.4/../../../avr/lib/avr5/crtm328p.o

.stab.excl
 *(.stab.excl)

.stab.exclstr
 *(.stab.exclstr)

.stab.index
 *(.stab.index)

.stab.indexstr
 *(.stab.indexstr)

.comment
 *(.comment)

.debug
 *(.debug)

.line
 *(.line)

.debug_srcinfo
 *(.debug_srcinfo)

.debug_sfnames
 *(.debug_sfnames)

.debug_aranges
 *(.debug_aranges)

.debug_pubnames
 *(.debug_pubnames)

.debug_info
 *(.debug_info)
 *(.gnu.linkonce.wi.*)

.debug_abbrev
 *(.debug_abbrev)

.debug_line
 *(.debug_line)

.debug_frame
 *(.debug_frame)

.debug_str
 *(.debug_str)

.debug_loc
 *(.debug_loc)

.debug_macinfo
 *(.debug_macinfo)
LOAD /usr/lib/gcc/avr/4.3.4/../../../avr/lib/avr5/libm.a
LOAD bios_export.o
LOAD bios.o
LOAD flash.o
LOAD drivers/can/mcp2515/mcp2515.o
LOAD vectors.o
LOAD /usr/lib/gcc/avr/4.3.4/avr5/libgcc.a
LOAD /usr/lib/gcc/avr/4.3.4/../../../avr/lib/avr5/libc.a
LOAD /usr/lib/gcc/avr/4.3.4/avr5/libgcc.a
OUTPUT(bios.elf elf32-avr)
LOAD linker stubs

Cross Reference Table

Symbol                                            File
BIOS_CanCallback                                  bios.o
BIOS_CanSend                                      bios_export.o
BIOS_Reset                                        bios_export.o
                                                  bios.o
Can_Init                                          drivers/can/mcp2515/mcp2515.o
                                                  bios.o
Can_Process                                       bios.o
                                                  drivers/can/mcp2515/mcp2515.o
Can_Receive                                       drivers/can/mcp2515/mcp2515.o
Can_Send                                          drivers/can/mcp2515/mcp2515.o
                                                  bios.o
                                                  bios_export.o
__bad_interrupt                                   /usr/lib/gcc/avr/4.3.4/../../../avr/lib/avr5/crtm328p.o
__bios_start                                      bios.o
__boot_vectors                                    vectors.o
__bss_end                                         /usr/lib/gcc/avr/4.3.4/avr5/libgcc.a(_clear_bss.o)
__bss_start                                       /usr/lib/gcc/avr/4.3.4/avr5/libgcc.a(_clear_bss.o)
__data_end                                        /usr/lib/gcc/avr/4.3.4/avr5/libgcc.a(_copy_data.o)
__data_load_start                                 /usr/lib/gcc/avr/4.3.4/avr5/libgcc.a(_copy_data.o)
__data_start                                      /usr/lib/gcc/avr/4.3.4/avr5/libgcc.a(_copy_data.o)
__do_clear_bss                                    /usr/lib/gcc/avr/4.3.4/avr5/libgcc.a(_clear_bss.o)
                                                  drivers/can/mcp2515/mcp2515.o
                                                  flash.o
                                                  bios.o
                                                  bios_export.o
__do_copy_data                                    /usr/lib/gcc/avr/4.3.4/avr5/libgcc.a(_copy_data.o)
                                                  drivers/can/mcp2515/mcp2515.o
                                                  flash.o
                                                  bios.o
                                                  bios_export.o
__flash_code_start                                flash.o
__heap_end                                        /usr/lib/gcc/avr/4.3.4/../../../avr/lib/avr5/crtm328p.o
__init                                            /usr/lib/gcc/avr/4.3.4/../../../avr/lib/avr5/crtm328p.o
                                                  vectors.o
__stack                                           /usr/lib/gcc/avr/4.3.4/../../../avr/lib/avr5/crtm328p.o
__vector_1                                        /usr/lib/gcc/avr/4.3.4/../../../avr/lib/avr5/crtm328p.o
__vector_10                                       /usr/lib/gcc/avr/4.3.4/../../../avr/lib/avr5/crtm328p.o
__vector_11                                       /usr/lib/gcc/avr/4.3.4/../../../avr/lib/avr5/crtm328p.o
__vector_12                                       /usr/lib/gcc/avr/4.3.4/../../../avr/lib/avr5/crtm328p.o
__vector_13                                       /usr/lib/gcc/avr/4.3.4/../../../avr/lib/avr5/crtm328p.o
__vector_14                                       /usr/lib/gcc/avr/4.3.4/../../../avr/lib/avr5/crtm328p.o
__vector_15                                       /usr/lib/gcc/avr/4.3.4/../../../avr/lib/avr5/crtm328p.o
__vector_16                                       /usr/lib/gcc/avr/4.3.4/../../../avr/lib/avr5/crtm328p.o
__vector_17                                       /usr/lib/gcc/avr/4.3.4/../../../avr/lib/avr5/crtm328p.o
__vector_18                                       /usr/lib/gcc/avr/4.3.4/../../../avr/lib/avr5/crtm328p.o
__vector_19                                       /usr/lib/gcc/avr/4.3.4/../../../avr/lib/avr5/crtm328p.o
__vector_2                                        /usr/lib/gcc/avr/4.3.4/../../../avr/lib/avr5/crtm328p.o
__vector_20                                       /usr/lib/gcc/avr/4.3.4/../../../avr/lib/avr5/crtm328p.o
__vector_21                                       /usr/lib/gcc/avr/4.3.4/../../../avr/lib/avr5/crtm328p.o
__vector_22                                       /usr/lib/gcc/avr/4.3.4/../../../avr/lib/avr5/crtm328p.o
__vector_23                                       /usr/lib/gcc/avr/4.3.4/../../../avr/lib/avr5/crtm328p.o
__vector_24                                       /usr/lib/gcc/avr/4.3.4/../../../avr/lib/avr5/crtm328p.o
__vector_25                                       /usr/lib/gcc/avr/4.3.4/../../../avr/lib/avr5/crtm328p.o
__vector_3                                        /usr/lib/gcc/avr/4.3.4/../../../avr/lib/avr5/crtm328p.o
__vector_4                                        /usr/lib/gcc/avr/4.3.4/../../../avr/lib/avr5/crtm328p.o
__vector_5                                        /usr/lib/gcc/avr/4.3.4/../../../avr/lib/avr5/crtm328p.o
__vector_6                                        /usr/lib/gcc/avr/4.3.4/../../../avr/lib/avr5/crtm328p.o
__vector_7                                        /usr/lib/gcc/avr/4.3.4/../../../avr/lib/avr5/crtm328p.o
__vector_8                                        /usr/lib/gcc/avr/4.3.4/../../../avr/lib/avr5/crtm328p.o
__vector_9                                        /usr/lib/gcc/avr/4.3.4/../../../avr/lib/avr5/crtm328p.o
__vector_boot_1                                   vectors.o
__vector_boot_10                                  vectors.o
__vector_boot_11                                  vectors.o
__vector_boot_12                                  vectors.o
__vector_boot_13                                  vectors.o
__vector_boot_14                                  vectors.o
__vector_boot_15                                  vectors.o
__vector_boot_16                                  vectors.o
__vector_boot_17                                  vectors.o
__vector_boot_18                                  vectors.o
__vector_boot_19                                  vectors.o
__vector_boot_2                                   drivers/can/mcp2515/mcp2515.o
__vector_boot_20                                  vectors.o
__vector_boot_21                                  vectors.o
__vector_boot_22                                  vectors.o
__vector_boot_23                                  vectors.o
__vector_boot_24                                  vectors.o
__vector_boot_25                                  vectors.o
__vector_boot_3                                   vectors.o
__vector_boot_4                                   vectors.o
__vector_boot_5                                   vectors.o
__vector_boot_6                                   vectors.o
__vector_boot_7                                   vectors.o
__vector_boot_8                                   vectors.o
__vector_boot_9                                   vectors.o
__vector_default                                  vectors.o
                                                  /usr/lib/gcc/avr/4.3.4/../../../avr/lib/avr5/crtm328p.o
__vector_default_1                                vectors.o
__vector_default_10                               vectors.o
__vector_default_11                               vectors.o
__vector_default_12                               vectors.o
__vector_default_13                               vectors.o
__vector_default_14                               vectors.o
__vector_default_15                               vectors.o
__vector_default_16                               vectors.o
__vector_default_17                               vectors.o
__vector_default_18                               vectors.o
__vector_default_19                               vectors.o
__vector_default_2                                vectors.o
__vector_default_20                               vectors.o
__vector_default_21                               vectors.o
__vector_default_22                               vectors.o
__vector_default_23                               vectors.o
__vector_default_24                               vectors.o
__vector_default_25                               vectors.o
__vector_default_3                                vectors.o
__vector_default_4                                vectors.o
__vector_default_5                                vectors.o
__vector_default_6                                vectors.o
__vector_default_7                                vectors.o
__vector_default_8                                vectors.o
__vector_default_9                                vectors.o
__vectors                                         /usr/lib/gcc/avr/4.3.4/../../../avr/lib/avr5/crtm328p.o
_exit                                             /usr/lib/gcc/avr/4.3.4/avr5/libgcc.a(_exit.o)
autostart_cnt                                     bios.o
bios_msg_full                                     bios.o
bios_msg_ptr                                      bios.o
exit                                              /usr/lib/gcc/avr/4.3.4/avr5/libgcc.a(_exit.o)
                                                  /usr/lib/gcc/avr/4.3.4/../../../avr/lib/avr5/crtm328p.o
flash_copy_data                                   flash.o
                                                  bios.o
flash_flush_buffer                                flash.o
                                                  bios.o
flash_init                                        flash.o
                                                  bios.o
flash_load_buffer                                 flash.o
flash_write_word                                  flash.o
                                                  bios.o
hwid                                              bios.o
main                                              bios.o
                                                  /usr/lib/gcc/avr/4.3.4/../../../avr/lib/avr5/crtm328p.o
